exports[`test App renders correctly 1`] = `
<div
  className="app">
  <div
    className="header">
    <img
      alt="logo"
      className="logo"
      src="test-file-stub" />
    <h2>
      Welcome to React, 
      James
      !
    </h2>
  </div>
  <p
    className="intro">
    To get started, edit 
    <code>
      src/components/App.js
    </code>
     and save to reload.
  </p>
</div>
`;
